<html>
<body>
<pre>
<h1>µVision Build Log</h1>
<h2>Project:</h2>
C:\Users\Rejmi\Documents\STUDIA\S6\aghmtmwzpsw\FreeRTOS\Exercises\Semaphores_4.1.2\RTOSDemo.uvproj
Project File Date:  03/13/2021

<h2>Output:</h2>
Rebuild target 'RTOSDemo_THUMB'
assembling Startup.s...
compiling main.c...
compiling led.c...
compiling uart.c...
compiling string.c...
compiling keyboard.c...
compiling tasks.c...
compiling list.c...
compiling queue.c...
compiling port.c...
compiling heap_2.c...
assembling portASM.s...
linking...
Program Size: Code=10120 RO-data=32 RW-data=96 ZI-data=8056  
FromELF: creating hex file...
".\bin\RTOSDemo.axf" - 0 Errors, 0 Warning(s).
