<html>
<body>
<pre>
<h1>µVision Build Log</h1>
<h2>Project:</h2>
C:\Users\Rejmi\Documents\STUDIA\S6\aghmtmwzpsw\FreeRTOS\Exercises\Final_6.1_3\RTOSDemo.uvproj
Project File Date:  04/10/2021

<h2>Output:</h2>
Rebuild target 'RTOSDemo_THUMB'
assembling Startup.s...
compiling main.c...
compiling led.c...
compiling uart.c...
compiling string.c...
compiling keyboard.c...
compiling servo.c...
compiling timer_interrupts.c...
compiling watch.c...
compiling tasks.c...
compiling list.c...
compiling queue.c...
compiling port.c...
compiling heap_2.c...
assembling portASM.s...
linking...
Program Size: Code=10388 RO-data=32 RW-data=108 ZI-data=7988  
FromELF: creating hex file...
".\bin\RTOSDemo.axf" - 0 Errors, 0 Warning(s).
Rebuild target 'RTOSDemo_THUMB'
assembling Startup.s...
compiling main.c...
compiling led.c...
compiling uart.c...
compiling string.c...
compiling keyboard.c...
compiling servo.c...
compiling timer_interrupts.c...
compiling watch.c...
compiling tasks.c...
compiling list.c...
compiling queue.c...
compiling port.c...
compiling heap_2.c...
assembling portASM.s...
linking...
Program Size: Code=10388 RO-data=32 RW-data=108 ZI-data=7988  
FromELF: creating hex file...
".\bin\RTOSDemo.axf" - 0 Errors, 0 Warning(s).
Rebuild target 'RTOSDemo_THUMB'
assembling Startup.s...
compiling main.c...
compiling led.c...
compiling uart.c...
compiling string.c...
compiling keyboard.c...
compiling servo.c...
compiling timer_interrupts.c...
compiling watch.c...
compiling tasks.c...
compiling list.c...
compiling queue.c...
compiling port.c...
compiling heap_2.c...
assembling portASM.s...
linking...
Program Size: Code=10396 RO-data=32 RW-data=108 ZI-data=7988  
FromELF: creating hex file...
".\bin\RTOSDemo.axf" - 0 Errors, 0 Warning(s).
Rebuild target 'RTOSDemo_THUMB'
assembling Startup.s...
compiling main.c...
compiling led.c...
compiling uart.c...
compiling string.c...
compiling keyboard.c...
compiling servo.c...
compiling timer_interrupts.c...
compiling watch.c...
compiling tasks.c...
compiling list.c...
compiling queue.c...
compiling port.c...
compiling heap_2.c...
assembling portASM.s...
linking...
Program Size: Code=10396 RO-data=32 RW-data=108 ZI-data=7988  
FromELF: creating hex file...
".\bin\RTOSDemo.axf" - 0 Errors, 0 Warning(s).
Rebuild target 'RTOSDemo_THUMB'
assembling Startup.s...
compiling main.c...
compiling led.c...
compiling uart.c...
compiling string.c...
compiling keyboard.c...
compiling servo.c...
compiling timer_interrupts.c...
compiling watch.c...
compiling tasks.c...
compiling list.c...
compiling queue.c...
compiling port.c...
compiling heap_2.c...
assembling portASM.s...
linking...
Program Size: Code=10404 RO-data=32 RW-data=108 ZI-data=7988  
FromELF: creating hex file...
".\bin\RTOSDemo.axf" - 0 Errors, 0 Warning(s).
Rebuild target 'RTOSDemo_THUMB'
assembling Startup.s...
compiling main.c...
compiling led.c...
compiling uart.c...
compiling string.c...
compiling keyboard.c...
compiling servo.c...
compiling timer_interrupts.c...
compiling watch.c...
compiling tasks.c...
compiling list.c...
compiling queue.c...
compiling port.c...
compiling heap_2.c...
assembling portASM.s...
linking...
Program Size: Code=10396 RO-data=32 RW-data=108 ZI-data=7988  
FromELF: creating hex file...
".\bin\RTOSDemo.axf" - 0 Errors, 0 Warning(s).
Rebuild target 'RTOSDemo_THUMB'
assembling Startup.s...
compiling main.c...
compiling led.c...
compiling uart.c...
compiling string.c...
compiling keyboard.c...
compiling servo.c...
compiling timer_interrupts.c...
compiling watch.c...
compiling tasks.c...
compiling list.c...
compiling queue.c...
compiling port.c...
compiling heap_2.c...
assembling portASM.s...
linking...
Program Size: Code=10396 RO-data=32 RW-data=108 ZI-data=7988  
FromELF: creating hex file...
".\bin\RTOSDemo.axf" - 0 Errors, 0 Warning(s).
Rebuild target 'RTOSDemo_THUMB'
assembling Startup.s...
compiling main.c...
compiling led.c...
compiling uart.c...
compiling string.c...
compiling keyboard.c...
compiling servo.c...
compiling timer_interrupts.c...
compiling watch.c...
compiling tasks.c...
compiling list.c...
compiling queue.c...
compiling port.c...
compiling heap_2.c...
assembling portASM.s...
linking...
Program Size: Code=10392 RO-data=32 RW-data=108 ZI-data=7988  
FromELF: creating hex file...
".\bin\RTOSDemo.axf" - 0 Errors, 0 Warning(s).
Rebuild target 'RTOSDemo_THUMB'
assembling Startup.s...
compiling main.c...
compiling led.c...
compiling uart.c...
compiling string.c...
compiling keyboard.c...
compiling servo.c...
compiling timer_interrupts.c...
compiling watch.c...
compiling tasks.c...
compiling list.c...
compiling queue.c...
compiling port.c...
compiling heap_2.c...
assembling portASM.s...
linking...
Program Size: Code=10392 RO-data=32 RW-data=108 ZI-data=7988  
FromELF: creating hex file...
".\bin\RTOSDemo.axf" - 0 Errors, 0 Warning(s).
Rebuild target 'RTOSDemo_THUMB'
assembling Startup.s...
compiling main.c...
compiling led.c...
compiling uart.c...
compiling string.c...
compiling keyboard.c...
compiling servo.c...
compiling timer_interrupts.c...
compiling watch.c...
compiling tasks.c...
compiling list.c...
compiling queue.c...
compiling port.c...
compiling heap_2.c...
assembling portASM.s...
linking...
Program Size: Code=10368 RO-data=32 RW-data=108 ZI-data=7988  
FromELF: creating hex file...
".\bin\RTOSDemo.axf" - 0 Errors, 0 Warning(s).
Rebuild target 'RTOSDemo_THUMB'
assembling Startup.s...
compiling main.c...
compiling led.c...
compiling uart.c...
compiling string.c...
compiling keyboard.c...
compiling servo.c...
compiling timer_interrupts.c...
compiling watch.c...
compiling tasks.c...
compiling list.c...
compiling queue.c...
compiling port.c...
compiling heap_2.c...
assembling portASM.s...
linking...
Program Size: Code=10368 RO-data=32 RW-data=108 ZI-data=7988  
FromELF: creating hex file...
".\bin\RTOSDemo.axf" - 0 Errors, 0 Warning(s).
Rebuild target 'RTOSDemo_THUMB'
assembling Startup.s...
compiling main.c...
compiling led.c...
compiling uart.c...
compiling string.c...
compiling keyboard.c...
compiling servo.c...
compiling timer_interrupts.c...
compiling watch.c...
compiling tasks.c...
compiling list.c...
compiling queue.c...
compiling port.c...
compiling heap_2.c...
assembling portASM.s...
linking...
Program Size: Code=10372 RO-data=32 RW-data=108 ZI-data=7988  
FromELF: creating hex file...
".\bin\RTOSDemo.axf" - 0 Errors, 0 Warning(s).
Rebuild target 'RTOSDemo_THUMB'
assembling Startup.s...
compiling main.c...
compiling led.c...
compiling uart.c...
compiling string.c...
compiling keyboard.c...
compiling servo.c...
compiling timer_interrupts.c...
compiling watch.c...
compiling tasks.c...
compiling list.c...
compiling queue.c...
compiling port.c...
compiling heap_2.c...
assembling portASM.s...
linking...
Program Size: Code=10372 RO-data=32 RW-data=108 ZI-data=7988  
FromELF: creating hex file...
".\bin\RTOSDemo.axf" - 0 Errors, 0 Warning(s).
Rebuild target 'RTOSDemo_THUMB'
assembling Startup.s...
compiling main.c...
compiling led.c...
compiling uart.c...
compiling string.c...
compiling keyboard.c...
compiling servo.c...
compiling timer_interrupts.c...
compiling watch.c...
compiling tasks.c...
compiling list.c...
compiling queue.c...
compiling port.c...
compiling heap_2.c...
assembling portASM.s...
linking...
Program Size: Code=10380 RO-data=32 RW-data=108 ZI-data=7988  
FromELF: creating hex file...
".\bin\RTOSDemo.axf" - 0 Errors, 0 Warning(s).
Rebuild target 'RTOSDemo_THUMB'
assembling Startup.s...
compiling main.c...
compiling led.c...
compiling uart.c...
compiling string.c...
compiling keyboard.c...
compiling servo.c...
compiling timer_interrupts.c...
compiling watch.c...
compiling tasks.c...
compiling list.c...
compiling queue.c...
compiling port.c...
compiling heap_2.c...
assembling portASM.s...
linking...
Program Size: Code=10380 RO-data=32 RW-data=108 ZI-data=7988  
FromELF: creating hex file...
".\bin\RTOSDemo.axf" - 0 Errors, 0 Warning(s).
Rebuild target 'RTOSDemo_THUMB'
assembling Startup.s...
compiling main.c...
compiling led.c...
compiling uart.c...
compiling string.c...
compiling keyboard.c...
compiling servo.c...
compiling timer_interrupts.c...
compiling watch.c...
compiling tasks.c...
compiling list.c...
compiling queue.c...
compiling port.c...
compiling heap_2.c...
assembling portASM.s...
linking...
Program Size: Code=10380 RO-data=32 RW-data=108 ZI-data=7988  
FromELF: creating hex file...
".\bin\RTOSDemo.axf" - 0 Errors, 0 Warning(s).
Rebuild target 'RTOSDemo_THUMB'
assembling Startup.s...
compiling main.c...
compiling led.c...
compiling uart.c...
compiling string.c...
compiling keyboard.c...
compiling servo.c...
compiling timer_interrupts.c...
compiling watch.c...
compiling tasks.c...
compiling list.c...
compiling queue.c...
compiling port.c...
compiling heap_2.c...
assembling portASM.s...
linking...
Program Size: Code=10404 RO-data=32 RW-data=108 ZI-data=7988  
FromELF: creating hex file...
".\bin\RTOSDemo.axf" - 0 Errors, 0 Warning(s).
Rebuild target 'RTOSDemo_THUMB'
assembling Startup.s...
compiling main.c...
compiling led.c...
compiling uart.c...
compiling string.c...
compiling keyboard.c...
compiling servo.c...
compiling timer_interrupts.c...
compiling watch.c...
watch.c(47): warning:  #188-D: enumerated type mixed with another type
compiling tasks.c...
compiling list.c...
compiling queue.c...
compiling port.c...
compiling heap_2.c...
assembling portASM.s...
linking...
Program Size: Code=10416 RO-data=32 RW-data=108 ZI-data=7988  
FromELF: creating hex file...
".\bin\RTOSDemo.axf" - 0 Errors, 1 Warning(s).
Rebuild target 'RTOSDemo_THUMB'
assembling Startup.s...
compiling main.c...
compiling led.c...
compiling uart.c...
compiling string.c...
compiling keyboard.c...
compiling servo.c...
compiling timer_interrupts.c...
compiling watch.c...
compiling tasks.c...
compiling list.c...
compiling queue.c...
compiling port.c...
compiling heap_2.c...
assembling portASM.s...
linking...
Program Size: Code=10424 RO-data=32 RW-data=108 ZI-data=7988  
FromELF: creating hex file...
".\bin\RTOSDemo.axf" - 0 Errors, 0 Warning(s).
Rebuild target 'RTOSDemo_THUMB'
assembling Startup.s...
compiling main.c...
compiling led.c...
compiling uart.c...
compiling string.c...
compiling keyboard.c...
compiling servo.c...
compiling timer_interrupts.c...
compiling watch.c...
compiling tasks.c...
compiling list.c...
compiling queue.c...
compiling port.c...
compiling heap_2.c...
assembling portASM.s...
linking...
Program Size: Code=10424 RO-data=32 RW-data=108 ZI-data=7988  
FromELF: creating hex file...
".\bin\RTOSDemo.axf" - 0 Errors, 0 Warning(s).
Rebuild target 'RTOSDemo_THUMB'
assembling Startup.s...
compiling main.c...
compiling led.c...
compiling uart.c...
compiling string.c...
compiling keyboard.c...
compiling servo.c...
compiling timer_interrupts.c...
compiling watch.c...
compiling tasks.c...
compiling list.c...
compiling queue.c...
compiling port.c...
compiling heap_2.c...
assembling portASM.s...
linking...
Program Size: Code=10424 RO-data=32 RW-data=108 ZI-data=7988  
FromELF: creating hex file...
".\bin\RTOSDemo.axf" - 0 Errors, 0 Warning(s).
Rebuild target 'RTOSDemo_THUMB'
assembling Startup.s...
compiling main.c...
compiling led.c...
compiling uart.c...
compiling string.c...
compiling keyboard.c...
compiling servo.c...
compiling timer_interrupts.c...
compiling watch.c...
compiling tasks.c...
compiling list.c...
compiling queue.c...
compiling port.c...
compiling heap_2.c...
assembling portASM.s...
linking...
Program Size: Code=10424 RO-data=32 RW-data=108 ZI-data=7988  
FromELF: creating hex file...
".\bin\RTOSDemo.axf" - 0 Errors, 0 Warning(s).
Rebuild target 'RTOSDemo_THUMB'
assembling Startup.s...
compiling main.c...
compiling led.c...
compiling uart.c...
compiling string.c...
compiling keyboard.c...
compiling servo.c...
compiling timer_interrupts.c...
compiling watch.c...
compiling tasks.c...
compiling list.c...
compiling queue.c...
compiling port.c...
compiling heap_2.c...
assembling portASM.s...
linking...
Program Size: Code=10424 RO-data=32 RW-data=108 ZI-data=7988  
FromELF: creating hex file...
".\bin\RTOSDemo.axf" - 0 Errors, 0 Warning(s).
Rebuild target 'RTOSDemo_THUMB'
assembling Startup.s...
compiling main.c...
compiling led.c...
compiling uart.c...
compiling string.c...
compiling keyboard.c...
compiling servo.c...
compiling timer_interrupts.c...
compiling watch.c...
compiling tasks.c...
compiling list.c...
compiling queue.c...
compiling port.c...
compiling heap_2.c...
assembling portASM.s...
linking...
Program Size: Code=10400 RO-data=32 RW-data=108 ZI-data=7988  
FromELF: creating hex file...
".\bin\RTOSDemo.axf" - 0 Errors, 0 Warning(s).
Rebuild target 'RTOSDemo_THUMB'
assembling Startup.s...
compiling main.c...
compiling led.c...
compiling uart.c...
compiling string.c...
compiling keyboard.c...
compiling servo.c...
compiling timer_interrupts.c...
compiling watch.c...
compiling tasks.c...
compiling list.c...
compiling queue.c...
compiling port.c...
compiling heap_2.c...
assembling portASM.s...
linking...
Program Size: Code=10400 RO-data=32 RW-data=108 ZI-data=7988  
FromELF: creating hex file...
".\bin\RTOSDemo.axf" - 0 Errors, 0 Warning(s).
Rebuild target 'RTOSDemo_THUMB'
assembling Startup.s...
compiling main.c...
compiling led.c...
compiling uart.c...
compiling string.c...
compiling keyboard.c...
compiling servo.c...
compiling timer_interrupts.c...
compiling watch.c...
compiling tasks.c...
compiling list.c...
compiling queue.c...
compiling port.c...
compiling heap_2.c...
assembling portASM.s...
linking...
Program Size: Code=10448 RO-data=112 RW-data=108 ZI-data=7988  
FromELF: creating hex file...
".\bin\RTOSDemo.axf" - 0 Errors, 0 Warning(s).
Rebuild target 'RTOSDemo_THUMB'
assembling Startup.s...
compiling main.c...
compiling led.c...
compiling uart.c...
compiling string.c...
compiling keyboard.c...
compiling servo.c...
compiling timer_interrupts.c...
compiling watch.c...
compiling tasks.c...
compiling list.c...
compiling queue.c...
compiling port.c...
compiling heap_2.c...
assembling portASM.s...
linking...
Program Size: Code=10472 RO-data=112 RW-data=108 ZI-data=7988  
FromELF: creating hex file...
".\bin\RTOSDemo.axf" - 0 Errors, 0 Warning(s).
Rebuild target 'RTOSDemo_THUMB'
assembling Startup.s...
compiling main.c...
compiling led.c...
compiling uart.c...
compiling string.c...
compiling keyboard.c...
compiling servo.c...
compiling timer_interrupts.c...
compiling watch.c...
compiling tasks.c...
compiling list.c...
compiling queue.c...
compiling port.c...
compiling heap_2.c...
assembling portASM.s...
linking...
Program Size: Code=10472 RO-data=112 RW-data=108 ZI-data=7988  
FromELF: creating hex file...
".\bin\RTOSDemo.axf" - 0 Errors, 0 Warning(s).
Rebuild target 'RTOSDemo_THUMB'
assembling Startup.s...
compiling main.c...
compiling led.c...
compiling uart.c...
compiling string.c...
compiling keyboard.c...
compiling servo.c...
compiling timer_interrupts.c...
compiling watch.c...
compiling tasks.c...
compiling list.c...
compiling queue.c...
compiling port.c...
compiling heap_2.c...
assembling portASM.s...
linking...
Program Size: Code=10472 RO-data=112 RW-data=108 ZI-data=7988  
FromELF: creating hex file...
".\bin\RTOSDemo.axf" - 0 Errors, 0 Warning(s).
Rebuild target 'RTOSDemo_THUMB'
assembling Startup.s...
compiling main.c...
compiling led.c...
compiling uart.c...
compiling string.c...
compiling keyboard.c...
compiling servo.c...
compiling timer_interrupts.c...
compiling watch.c...
compiling tasks.c...
compiling list.c...
compiling queue.c...
compiling port.c...
compiling heap_2.c...
assembling portASM.s...
linking...
Program Size: Code=10472 RO-data=112 RW-data=108 ZI-data=7988  
FromELF: creating hex file...
".\bin\RTOSDemo.axf" - 0 Errors, 0 Warning(s).
Rebuild target 'RTOSDemo_THUMB'
assembling Startup.s...
compiling main.c...
compiling led.c...
compiling uart.c...
compiling string.c...
compiling keyboard.c...
compiling servo.c...
compiling timer_interrupts.c...
compiling watch.c...
compiling tasks.c...
compiling list.c...
compiling queue.c...
compiling port.c...
compiling heap_2.c...
assembling portASM.s...
linking...
Program Size: Code=10472 RO-data=112 RW-data=108 ZI-data=7988  
FromELF: creating hex file...
".\bin\RTOSDemo.axf" - 0 Errors, 0 Warning(s).
Rebuild target 'RTOSDemo_THUMB'
assembling Startup.s...
compiling main.c...
compiling led.c...
compiling uart.c...
compiling string.c...
compiling keyboard.c...
compiling servo.c...
compiling timer_interrupts.c...
compiling watch.c...
compiling tasks.c...
compiling list.c...
compiling queue.c...
compiling port.c...
compiling heap_2.c...
assembling portASM.s...
linking...
Program Size: Code=10472 RO-data=112 RW-data=108 ZI-data=7988  
FromELF: creating hex file...
".\bin\RTOSDemo.axf" - 0 Errors, 0 Warning(s).
Rebuild target 'RTOSDemo_THUMB'
assembling Startup.s...
compiling main.c...
compiling led.c...
compiling uart.c...
compiling string.c...
compiling keyboard.c...
compiling servo.c...
compiling timer_interrupts.c...
compiling watch.c...
compiling tasks.c...
compiling list.c...
compiling queue.c...
compiling port.c...
compiling heap_2.c...
assembling portASM.s...
linking...
Program Size: Code=10472 RO-data=112 RW-data=108 ZI-data=7988  
FromELF: creating hex file...
".\bin\RTOSDemo.axf" - 0 Errors, 0 Warning(s).
Rebuild target 'RTOSDemo_THUMB'
assembling Startup.s...
compiling main.c...
compiling led.c...
compiling uart.c...
compiling string.c...
compiling keyboard.c...
compiling servo.c...
compiling timer_interrupts.c...
compiling watch.c...
compiling tasks.c...
compiling list.c...
compiling queue.c...
compiling port.c...
compiling heap_2.c...
assembling portASM.s...
linking...
Program Size: Code=10472 RO-data=112 RW-data=108 ZI-data=7988  
FromELF: creating hex file...
".\bin\RTOSDemo.axf" - 0 Errors, 0 Warning(s).
Rebuild target 'RTOSDemo_THUMB'
assembling Startup.s...
compiling main.c...
compiling led.c...
compiling uart.c...
compiling string.c...
compiling keyboard.c...
compiling servo.c...
compiling timer_interrupts.c...
compiling watch.c...
compiling tasks.c...
compiling list.c...
compiling queue.c...
compiling port.c...
compiling heap_2.c...
assembling portASM.s...
linking...
Program Size: Code=10472 RO-data=112 RW-data=108 ZI-data=7988  
FromELF: creating hex file...
".\bin\RTOSDemo.axf" - 0 Errors, 0 Warning(s).
Rebuild target 'RTOSDemo_THUMB'
assembling Startup.s...
compiling main.c...
compiling led.c...
compiling uart.c...
compiling string.c...
compiling keyboard.c...
compiling servo.c...
compiling timer_interrupts.c...
compiling watch.c...
compiling tasks.c...
compiling list.c...
compiling queue.c...
compiling port.c...
compiling heap_2.c...
assembling portASM.s...
linking...
Program Size: Code=10472 RO-data=112 RW-data=108 ZI-data=7988  
FromELF: creating hex file...
".\bin\RTOSDemo.axf" - 0 Errors, 0 Warning(s).
Rebuild target 'RTOSDemo_THUMB'
assembling Startup.s...
compiling main.c...
compiling led.c...
compiling uart.c...
compiling string.c...
compiling keyboard.c...
compiling servo.c...
compiling timer_interrupts.c...
compiling watch.c...
compiling tasks.c...
compiling list.c...
compiling queue.c...
compiling port.c...
compiling heap_2.c...
assembling portASM.s...
linking...
Program Size: Code=10472 RO-data=112 RW-data=108 ZI-data=7988  
FromELF: creating hex file...
".\bin\RTOSDemo.axf" - 0 Errors, 0 Warning(s).
Rebuild target 'RTOSDemo_THUMB'
assembling Startup.s...
compiling main.c...
compiling led.c...
compiling uart.c...
compiling string.c...
compiling keyboard.c...
compiling servo.c...
compiling timer_interrupts.c...
compiling watch.c...
compiling tasks.c...
compiling list.c...
compiling queue.c...
compiling port.c...
compiling heap_2.c...
assembling portASM.s...
linking...
Program Size: Code=10468 RO-data=112 RW-data=108 ZI-data=7988  
FromELF: creating hex file...
".\bin\RTOSDemo.axf" - 0 Errors, 0 Warning(s).
Rebuild target 'RTOSDemo_THUMB'
assembling Startup.s...
compiling main.c...
compiling led.c...
compiling uart.c...
compiling string.c...
compiling keyboard.c...
compiling servo.c...
compiling timer_interrupts.c...
compiling watch.c...
compiling tasks.c...
compiling list.c...
compiling queue.c...
compiling port.c...
compiling heap_2.c...
assembling portASM.s...
linking...
Program Size: Code=10468 RO-data=112 RW-data=108 ZI-data=7988  
FromELF: creating hex file...
".\bin\RTOSDemo.axf" - 0 Errors, 0 Warning(s).
