<html>
<body>
<pre>
<h1>µVision Build Log</h1>
<h2>Project:</h2>
C:\Users\Rejmi\Documents\STUDIA\S6\aghmtmwzpsw\FreeRTOS\Exercises\Final_6.1\RTOSDemo.uvproj
Project File Date:  03/15/2021

<h2>Output:</h2>
Rebuild target 'RTOSDemo_THUMB'
assembling Startup.s...
compiling main.c...
compiling led.c...
compiling uart.c...
compiling string.c...
compiling keyboard.c...
keyboard.h(10): error:  #130: expected a "{"
keyboard.c(5): error:  #5: cannot open source input file "queues.h": No such file or directory
compiling servo.c...
compiling timer_interrupts.c...
compiling tasks.c...
compiling list.c...
compiling queue.c...
compiling port.c...
compiling heap_2.c...
assembling portASM.s...
".\bin\RTOSDemo.axf" - 2 Errors, 0 Warning(s).
Target not created
Rebuild target 'RTOSDemo_THUMB'
assembling Startup.s...
compiling main.c...
compiling led.c...
compiling uart.c...
compiling string.c...
compiling keyboard.c...
keyboard.c(5): error:  #5: cannot open source input file "queues.h": No such file or directory
compiling servo.c...
compiling timer_interrupts.c...
compiling tasks.c...
compiling list.c...
compiling queue.c...
compiling port.c...
compiling heap_2.c...
assembling portASM.s...
".\bin\RTOSDemo.axf" - 1 Errors, 0 Warning(s).
Target not created
Rebuild target 'RTOSDemo_THUMB'
assembling Startup.s...
compiling main.c...
compiling led.c...
compiling uart.c...
compiling string.c...
compiling keyboard.c...
keyboard.c(5): error:  #5: cannot open source input file "queues.h": No such file or directory
compiling servo.c...
compiling timer_interrupts.c...
compiling tasks.c...
compiling list.c...
compiling queue.c...
compiling port.c...
compiling heap_2.c...
assembling portASM.s...
".\bin\RTOSDemo.axf" - 1 Errors, 0 Warning(s).
Target not created
Rebuild target 'RTOSDemo_THUMB'
assembling Startup.s...
compiling main.c...
compiling led.c...
compiling uart.c...
compiling string.c...
compiling keyboard.c...
keyboard.c(32): warning:  #9-D: nested comment is not allowed
keyboard.c(87): error:  #20: identifier "KeyboardState" is undefined
compiling servo.c...
compiling timer_interrupts.c...
compiling tasks.c...
compiling list.c...
compiling queue.c...
compiling port.c...
compiling heap_2.c...
assembling portASM.s...
".\bin\RTOSDemo.axf" - 1 Errors, 1 Warning(s).
Target not created
Rebuild target 'RTOSDemo_THUMB'
assembling Startup.s...
compiling main.c...
compiling led.c...
compiling uart.c...
compiling string.c...
compiling keyboard.c...
keyboard.c(87): error:  #20: identifier "KeyboardState" is undefined
compiling servo.c...
compiling timer_interrupts.c...
compiling tasks.c...
compiling list.c...
compiling queue.c...
compiling port.c...
compiling heap_2.c...
assembling portASM.s...
".\bin\RTOSDemo.axf" - 1 Errors, 0 Warning(s).
Target not created
Rebuild target 'RTOSDemo_THUMB'
assembling Startup.s...
compiling main.c...
compiling led.c...
compiling uart.c...
compiling string.c...
compiling keyboard.c...
compiling servo.c...
compiling timer_interrupts.c...
compiling tasks.c...
compiling list.c...
compiling queue.c...
compiling port.c...
compiling heap_2.c...
assembling portASM.s...
linking...
Program Size: Code=8900 RO-data=32 RW-data=100 ZI-data=7988  
FromELF: creating hex file...
".\bin\RTOSDemo.axf" - 0 Errors, 0 Warning(s).
Rebuild target 'RTOSDemo_THUMB'
assembling Startup.s...
compiling main.c...
compiling led.c...
compiling uart.c...
compiling string.c...
compiling keyboard.c...
compiling servo.c...
compiling timer_interrupts.c...
compiling tasks.c...
compiling list.c...
compiling queue.c...
compiling port.c...
compiling heap_2.c...
assembling portASM.s...
linking...
Program Size: Code=8900 RO-data=32 RW-data=100 ZI-data=7988  
FromELF: creating hex file...
".\bin\RTOSDemo.axf" - 0 Errors, 0 Warning(s).
Rebuild target 'RTOSDemo_THUMB'
assembling Startup.s...
compiling main.c...
compiling led.c...
compiling uart.c...
compiling string.c...
compiling keyboard.c...
compiling servo.c...
compiling timer_interrupts.c...
compiling tasks.c...
compiling list.c...
compiling queue.c...
compiling port.c...
compiling heap_2.c...
assembling portASM.s...
linking...
Program Size: Code=8908 RO-data=32 RW-data=100 ZI-data=7988  
FromELF: creating hex file...
".\bin\RTOSDemo.axf" - 0 Errors, 0 Warning(s).
Rebuild target 'RTOSDemo_THUMB'
assembling Startup.s...
compiling main.c...
compiling led.c...
compiling uart.c...
compiling string.c...
compiling keyboard.c...
compiling servo.c...
compiling timer_interrupts.c...
compiling tasks.c...
compiling list.c...
compiling queue.c...
compiling port.c...
compiling heap_2.c...
assembling portASM.s...
linking...
Program Size: Code=9860 RO-data=32 RW-data=104 ZI-data=7992  
FromELF: creating hex file...
".\bin\RTOSDemo.axf" - 0 Errors, 0 Warning(s).
Rebuild target 'RTOSDemo_THUMB'
assembling Startup.s...
compiling main.c...
compiling led.c...
compiling uart.c...
compiling string.c...
compiling keyboard.c...
compiling servo.c...
compiling timer_interrupts.c...
compiling tasks.c...
compiling list.c...
compiling queue.c...
compiling port.c...
compiling heap_2.c...
assembling portASM.s...
linking...
Program Size: Code=8924 RO-data=32 RW-data=100 ZI-data=7988  
FromELF: creating hex file...
".\bin\RTOSDemo.axf" - 0 Errors, 0 Warning(s).
Rebuild target 'RTOSDemo_THUMB'
assembling Startup.s...
compiling main.c...
watch.h(10): warning:  #1-D: last line of file ends without a newline
compiling led.c...
compiling uart.c...
compiling string.c...
compiling keyboard.c...
compiling servo.c...
compiling timer_interrupts.c...
timer_interrupts.h(6): warning:  #1-D: last line of file ends without a newline
compiling watch.c...
watch.h(10): warning:  #1-D: last line of file ends without a newline
compiling tasks.c...
compiling list.c...
compiling queue.c...
compiling port.c...
compiling heap_2.c...
assembling portASM.s...
linking...
Program Size: Code=9152 RO-data=32 RW-data=104 ZI-data=7992  
FromELF: creating hex file...
".\bin\RTOSDemo.axf" - 0 Errors, 3 Warning(s).
Rebuild target 'RTOSDemo_THUMB'
assembling Startup.s...
compiling main.c...
watch.h(10): warning:  #1-D: last line of file ends without a newline
compiling led.c...
compiling uart.c...
compiling string.c...
compiling keyboard.c...
compiling servo.c...
compiling timer_interrupts.c...
timer_interrupts.h(6): warning:  #1-D: last line of file ends without a newline
compiling watch.c...
watch.h(10): warning:  #1-D: last line of file ends without a newline
compiling tasks.c...
compiling list.c...
compiling queue.c...
compiling port.c...
compiling heap_2.c...
assembling portASM.s...
linking...
Program Size: Code=9176 RO-data=32 RW-data=104 ZI-data=7992  
FromELF: creating hex file...
".\bin\RTOSDemo.axf" - 0 Errors, 3 Warning(s).
Rebuild target 'RTOSDemo_THUMB'
assembling Startup.s...
compiling main.c...
watch.h(10): warning:  #1-D: last line of file ends without a newline
compiling led.c...
compiling uart.c...
compiling string.c...
compiling keyboard.c...
compiling servo.c...
compiling timer_interrupts.c...
timer_interrupts.h(6): warning:  #1-D: last line of file ends without a newline
compiling watch.c...
watch.h(10): warning:  #1-D: last line of file ends without a newline
compiling tasks.c...
compiling list.c...
compiling queue.c...
compiling port.c...
compiling heap_2.c...
assembling portASM.s...
linking...
Program Size: Code=9176 RO-data=32 RW-data=104 ZI-data=7992  
FromELF: creating hex file...
".\bin\RTOSDemo.axf" - 0 Errors, 3 Warning(s).
Rebuild target 'RTOSDemo_THUMB'
assembling Startup.s...
compiling main.c...
compiling led.c...
compiling uart.c...
compiling string.c...
compiling keyboard.c...
compiling servo.c...
compiling timer_interrupts.c...
compiling watch.c...
compiling tasks.c...
compiling list.c...
compiling queue.c...
compiling port.c...
compiling heap_2.c...
assembling portASM.s...
linking...
Program Size: Code=9176 RO-data=32 RW-data=104 ZI-data=7992  
FromELF: creating hex file...
".\bin\RTOSDemo.axf" - 0 Errors, 0 Warning(s).
Rebuild target 'RTOSDemo_THUMB'
assembling Startup.s...
compiling main.c...
compiling led.c...
compiling uart.c...
compiling string.c...
compiling keyboard.c...
compiling servo.c...
compiling timer_interrupts.c...
compiling watch.c...
compiling tasks.c...
compiling list.c...
compiling queue.c...
compiling port.c...
compiling heap_2.c...
assembling portASM.s...
linking...
Program Size: Code=9176 RO-data=32 RW-data=104 ZI-data=7992  
FromELF: creating hex file...
".\bin\RTOSDemo.axf" - 0 Errors, 0 Warning(s).
Rebuild target 'RTOSDemo_THUMB'
assembling Startup.s...
compiling main.c...
compiling led.c...
compiling uart.c...
compiling string.c...
compiling keyboard.c...
compiling servo.c...
compiling timer_interrupts.c...
compiling watch.c...
compiling tasks.c...
compiling list.c...
compiling queue.c...
compiling port.c...
compiling heap_2.c...
assembling portASM.s...
linking...
Program Size: Code=9180 RO-data=32 RW-data=104 ZI-data=7992  
FromELF: creating hex file...
".\bin\RTOSDemo.axf" - 0 Errors, 0 Warning(s).
Rebuild target 'RTOSDemo_THUMB'
assembling Startup.s...
compiling main.c...
compiling led.c...
compiling uart.c...
compiling string.c...
compiling keyboard.c...
compiling servo.c...
compiling timer_interrupts.c...
compiling watch.c...
compiling tasks.c...
compiling list.c...
compiling queue.c...
compiling port.c...
compiling heap_2.c...
assembling portASM.s...
linking...
Program Size: Code=9180 RO-data=32 RW-data=104 ZI-data=7992  
FromELF: creating hex file...
".\bin\RTOSDemo.axf" - 0 Errors, 0 Warning(s).
